09:58:22 **** Incremental Build of configuration Debug for project Si6 ****
make -j32 all 
arm-none-eabi-gcc "../Core/Src/adc_if.c" -mcpu=cortex-m0plus -std=gnu11 -g3 -DDEBUG -DHAL_ADC_MODULE_ENABLED -DHAL_TIM_MODULE_ENABLED -DUSE_HAL_DRIVER -DSTM32G031xx -c -I../Core/Inc -I../Drivers/STM32G0xx_HAL_Driver/Inc -I../Drivers/STM32G0xx_HAL_Driver/Inc/Legacy -I../Drivers/CMSIS/Device/ST/STM32G0xx/Include -I../Drivers/CMSIS/Include -Os -ffunction-sections -fdata-sections -Wall -fstack-usage -fcyclomatic-complexity -MMD -MP -MF"Core/Src/adc_if.d" -MT"Core/Src/adc_if.o" --specs=nano.specs -mfloat-abi=soft -mthumb -o "Core/Src/adc_if.o"
arm-none-eabi-gcc "../Core/Src/buttons.c" -mcpu=cortex-m0plus -std=gnu11 -g3 -DDEBUG -DHAL_ADC_MODULE_ENABLED -DHAL_TIM_MODULE_ENABLED -DUSE_HAL_DRIVER -DSTM32G031xx -c -I../Core/Inc -I../Drivers/STM32G0xx_HAL_Driver/Inc -I../Drivers/STM32G0xx_HAL_Driver/Inc/Legacy -I../Drivers/CMSIS/Device/ST/STM32G0xx/Include -I../Drivers/CMSIS/Include -Os -ffunction-sections -fdata-sections -Wall -fstack-usage -fcyclomatic-complexity -MMD -MP -MF"Core/Src/buttons.d" -MT"Core/Src/buttons.o" --specs=nano.specs -mfloat-abi=soft -mthumb -o "Core/Src/buttons.o"
arm-none-eabi-gcc "../Core/Src/detection.c" -mcpu=cortex-m0plus -std=gnu11 -g3 -DDEBUG -DHAL_ADC_MODULE_ENABLED -DHAL_TIM_MODULE_ENABLED -DUSE_HAL_DRIVER -DSTM32G031xx -c -I../Core/Inc -I../Drivers/STM32G0xx_HAL_Driver/Inc -I../Drivers/STM32G0xx_HAL_Driver/Inc/Legacy -I../Drivers/CMSIS/Device/ST/STM32G0xx/Include -I../Drivers/CMSIS/Include -Os -ffunction-sections -fdata-sections -Wall -fstack-usage -fcyclomatic-complexity -MMD -MP -MF"Core/Src/detection.d" -MT"Core/Src/detection.o" --specs=nano.specs -mfloat-abi=soft -mthumb -o "Core/Src/detection.o"
arm-none-eabi-gcc "../Core/Src/ds3231.c" -mcpu=cortex-m0plus -std=gnu11 -g3 -DDEBUG -DHAL_ADC_MODULE_ENABLED -DHAL_TIM_MODULE_ENABLED -DUSE_HAL_DRIVER -DSTM32G031xx -c -I../Core/Inc -I../Drivers/STM32G0xx_HAL_Driver/Inc -I../Drivers/STM32G0xx_HAL_Driver/Inc/Legacy -I../Drivers/CMSIS/Device/ST/STM32G0xx/Include -I../Drivers/CMSIS/Include -Os -ffunction-sections -fdata-sections -Wall -fstack-usage -fcyclomatic-complexity -MMD -MP -MF"Core/Src/ds3231.d" -MT"Core/Src/ds3231.o" --specs=nano.specs -mfloat-abi=soft -mthumb -o "Core/Src/ds3231.o"
arm-none-eabi-gcc "../Core/Src/haptic.c" -mcpu=cortex-m0plus -std=gnu11 -g3 -DDEBUG -DHAL_ADC_MODULE_ENABLED -DHAL_TIM_MODULE_ENABLED -DUSE_HAL_DRIVER -DSTM32G031xx -c -I../Core/Inc -I../Drivers/STM32G0xx_HAL_Driver/Inc -I../Drivers/STM32G0xx_HAL_Driver/Inc/Legacy -I../Drivers/CMSIS/Device/ST/STM32G0xx/Include -I../Drivers/CMSIS/Include -Os -ffunction-sections -fdata-sections -Wall -fstack-usage -fcyclomatic-complexity -MMD -MP -MF"Core/Src/haptic.d" -MT"Core/Src/haptic.o" --specs=nano.specs -mfloat-abi=soft -mthumb -o "Core/Src/haptic.o"
arm-none-eabi-gcc "../Core/Src/main.c" -mcpu=cortex-m0plus -std=gnu11 -g3 -DDEBUG -DHAL_ADC_MODULE_ENABLED -DHAL_TIM_MODULE_ENABLED -DUSE_HAL_DRIVER -DSTM32G031xx -c -I../Core/Inc -I../Drivers/STM32G0xx_HAL_Driver/Inc -I../Drivers/STM32G0xx_HAL_Driver/Inc/Legacy -I../Drivers/CMSIS/Device/ST/STM32G0xx/Include -I../Drivers/CMSIS/Include -Os -ffunction-sections -fdata-sections -Wall -fstack-usage -fcyclomatic-complexity -MMD -MP -MF"Core/Src/main.d" -MT"Core/Src/main.o" --specs=nano.specs -mfloat-abi=soft -mthumb -o "Core/Src/main.o"
arm-none-eabi-gcc "../Core/Src/piezo.c" -mcpu=cortex-m0plus -std=gnu11 -g3 -DDEBUG -DHAL_ADC_MODULE_ENABLED -DHAL_TIM_MODULE_ENABLED -DUSE_HAL_DRIVER -DSTM32G031xx -c -I../Core/Inc -I../Drivers/STM32G0xx_HAL_Driver/Inc -I../Drivers/STM32G0xx_HAL_Driver/Inc/Legacy -I../Drivers/CMSIS/Device/ST/STM32G0xx/Include -I../Drivers/CMSIS/Include -Os -ffunction-sections -fdata-sections -Wall -fstack-usage -fcyclomatic-complexity -MMD -MP -MF"Core/Src/piezo.d" -MT"Core/Src/piezo.o" --specs=nano.specs -mfloat-abi=soft -mthumb -o "Core/Src/piezo.o"
arm-none-eabi-gcc "../Core/Src/power.c" -mcpu=cortex-m0plus -std=gnu11 -g3 -DDEBUG -DHAL_ADC_MODULE_ENABLED -DHAL_TIM_MODULE_ENABLED -DUSE_HAL_DRIVER -DSTM32G031xx -c -I../Core/Inc -I../Drivers/STM32G0xx_HAL_Driver/Inc -I../Drivers/STM32G0xx_HAL_Driver/Inc/Legacy -I../Drivers/CMSIS/Device/ST/STM32G0xx/Include -I../Drivers/CMSIS/Include -Os -ffunction-sections -fdata-sections -Wall -fstack-usage -fcyclomatic-complexity -MMD -MP -MF"Core/Src/power.d" -MT"Core/Src/power.o" --specs=nano.specs -mfloat-abi=soft -mthumb -o "Core/Src/power.o"
arm-none-eabi-gcc "../Core/Src/rtc_set.c" -mcpu=cortex-m0plus -std=gnu11 -g3 -DDEBUG -DHAL_ADC_MODULE_ENABLED -DHAL_TIM_MODULE_ENABLED -DUSE_HAL_DRIVER -DSTM32G031xx -c -I../Core/Inc -I../Drivers/STM32G0xx_HAL_Driver/Inc -I../Drivers/STM32G0xx_HAL_Driver/Inc/Legacy -I../Drivers/CMSIS/Device/ST/STM32G0xx/Include -I../Drivers/CMSIS/Include -Os -ffunction-sections -fdata-sections -Wall -fstack-usage -fcyclomatic-complexity -MMD -MP -MF"Core/Src/rtc_set.d" -MT"Core/Src/rtc_set.o" --specs=nano.specs -mfloat-abi=soft -mthumb -o "Core/Src/rtc_set.o"
arm-none-eabi-gcc "../Core/Src/session_log.c" -mcpu=cortex-m0plus -std=gnu11 -g3 -DDEBUG -DHAL_ADC_MODULE_ENABLED -DHAL_TIM_MODULE_ENABLED -DUSE_HAL_DRIVER -DSTM32G031xx -c -I../Core/Inc -I../Drivers/STM32G0xx_HAL_Driver/Inc -I../Drivers/STM32G0xx_HAL_Driver/Inc/Legacy -I../Drivers/CMSIS/Device/ST/STM32G0xx/Include -I../Drivers/CMSIS/Include -Os -ffunction-sections -fdata-sections -Wall -fstack-usage -fcyclomatic-complexity -MMD -MP -MF"Core/Src/session_log.d" -MT"Core/Src/session_log.o" --specs=nano.specs -mfloat-abi=soft -mthumb -o "Core/Src/session_log.o"
arm-none-eabi-gcc "../Core/Src/settings.c" -mcpu=cortex-m0plus -std=gnu11 -g3 -DDEBUG -DHAL_ADC_MODULE_ENABLED -DHAL_TIM_MODULE_ENABLED -DUSE_HAL_DRIVER -DSTM32G031xx -c -I../Core/Inc -I../Drivers/STM32G0xx_HAL_Driver/Inc -I../Drivers/STM32G0xx_HAL_Driver/Inc/Legacy -I../Drivers/CMSIS/Device/ST/STM32G0xx/Include -I../Drivers/CMSIS/Include -Os -ffunction-sections -fdata-sections -Wall -fstack-usage -fcyclomatic-complexity -MMD -MP -MF"Core/Src/settings.d" -MT"Core/Src/settings.o" --specs=nano.specs -mfloat-abi=soft -mthumb -o "Core/Src/settings.o"
arm-none-eabi-gcc "../Core/Src/signal_detect.c" -mcpu=cortex-m0plus -std=gnu11 -g3 -DDEBUG -DHAL_ADC_MODULE_ENABLED -DHAL_TIM_MODULE_ENABLED -DUSE_HAL_DRIVER -DSTM32G031xx -c -I../Core/Inc -I../Drivers/STM32G0xx_HAL_Driver/Inc -I../Drivers/STM32G0xx_HAL_Driver/Inc/Legacy -I../Drivers/CMSIS/Device/ST/STM32G0xx/Include -I../Drivers/CMSIS/Include -Os -ffunction-sections -fdata-sections -Wall -fstack-usage -fcyclomatic-complexity -MMD -MP -MF"Core/Src/signal_detect.d" -MT"Core/Src/signal_detect.o" --specs=nano.specs -mfloat-abi=soft -mthumb -o "Core/Src/signal_detect.o"
arm-none-eabi-gcc "../Core/Src/ssd1306.c" -mcpu=cortex-m0plus -std=gnu11 -g3 -DDEBUG -DHAL_ADC_MODULE_ENABLED -DHAL_TIM_MODULE_ENABLED -DUSE_HAL_DRIVER -DSTM32G031xx -c -I../Core/Inc -I../Drivers/STM32G0xx_HAL_Driver/Inc -I../Drivers/STM32G0xx_HAL_Driver/Inc/Legacy -I../Drivers/CMSIS/Device/ST/STM32G0xx/Include -I../Drivers/CMSIS/Include -Os -ffunction-sections -fdata-sections -Wall -fstack-usage -fcyclomatic-complexity -MMD -MP -MF"Core/Src/ssd1306.d" -MT"Core/Src/ssd1306.o" --specs=nano.specs -mfloat-abi=soft -mthumb -o "Core/Src/ssd1306.o"
arm-none-eabi-gcc "../Core/Src/stm32g0xx_hal_adc.c" -mcpu=cortex-m0plus -std=gnu11 -g3 -DDEBUG -DHAL_ADC_MODULE_ENABLED -DHAL_TIM_MODULE_ENABLED -DUSE_HAL_DRIVER -DSTM32G031xx -c -I../Core/Inc -I../Drivers/STM32G0xx_HAL_Driver/Inc -I../Drivers/STM32G0xx_HAL_Driver/Inc/Legacy -I../Drivers/CMSIS/Device/ST/STM32G0xx/Include -I../Drivers/CMSIS/Include -Os -ffunction-sections -fdata-sections -Wall -fstack-usage -fcyclomatic-complexity -MMD -MP -MF"Core/Src/stm32g0xx_hal_adc.d" -MT"Core/Src/stm32g0xx_hal_adc.o" --specs=nano.specs -mfloat-abi=soft -mthumb -o "Core/Src/stm32g0xx_hal_adc.o"
arm-none-eabi-gcc "../Core/Src/stm32g0xx_hal_adc_ex.c" -mcpu=cortex-m0plus -std=gnu11 -g3 -DDEBUG -DHAL_ADC_MODULE_ENABLED -DHAL_TIM_MODULE_ENABLED -DUSE_HAL_DRIVER -DSTM32G031xx -c -I../Core/Inc -I../Drivers/STM32G0xx_HAL_Driver/Inc -I../Drivers/STM32G0xx_HAL_Driver/Inc/Legacy -I../Drivers/CMSIS/Device/ST/STM32G0xx/Include -I../Drivers/CMSIS/Include -Os -ffunction-sections -fdata-sections -Wall -fstack-usage -fcyclomatic-complexity -MMD -MP -MF"Core/Src/stm32g0xx_hal_adc_ex.d" -MT"Core/Src/stm32g0xx_hal_adc_ex.o" --specs=nano.specs -mfloat-abi=soft -mthumb -o "Core/Src/stm32g0xx_hal_adc_ex.o"
arm-none-eabi-gcc "../Core/Src/stm32g0xx_hal_msp.c" -mcpu=cortex-m0plus -std=gnu11 -g3 -DDEBUG -DHAL_ADC_MODULE_ENABLED -DHAL_TIM_MODULE_ENABLED -DUSE_HAL_DRIVER -DSTM32G031xx -c -I../Core/Inc -I../Drivers/STM32G0xx_HAL_Driver/Inc -I../Drivers/STM32G0xx_HAL_Driver/Inc/Legacy -I../Drivers/CMSIS/Device/ST/STM32G0xx/Include -I../Drivers/CMSIS/Include -Os -ffunction-sections -fdata-sections -Wall -fstack-usage -fcyclomatic-complexity -MMD -MP -MF"Core/Src/stm32g0xx_hal_msp.d" -MT"Core/Src/stm32g0xx_hal_msp.o" --specs=nano.specs -mfloat-abi=soft -mthumb -o "Core/Src/stm32g0xx_hal_msp.o"
arm-none-eabi-gcc "../Core/Src/stm32g0xx_hal_tim.c" -mcpu=cortex-m0plus -std=gnu11 -g3 -DDEBUG -DHAL_ADC_MODULE_ENABLED -DHAL_TIM_MODULE_ENABLED -DUSE_HAL_DRIVER -DSTM32G031xx -c -I../Core/Inc -I../Drivers/STM32G0xx_HAL_Driver/Inc -I../Drivers/STM32G0xx_HAL_Driver/Inc/Legacy -I../Drivers/CMSIS/Device/ST/STM32G0xx/Include -I../Drivers/CMSIS/Include -Os -ffunction-sections -fdata-sections -Wall -fstack-usage -fcyclomatic-complexity -MMD -MP -MF"Core/Src/stm32g0xx_hal_tim.d" -MT"Core/Src/stm32g0xx_hal_tim.o" --specs=nano.specs -mfloat-abi=soft -mthumb -o "Core/Src/stm32g0xx_hal_tim.o"
arm-none-eabi-gcc "../Core/Src/stm32g0xx_hal_tim_ex.c" -mcpu=cortex-m0plus -std=gnu11 -g3 -DDEBUG -DHAL_ADC_MODULE_ENABLED -DHAL_TIM_MODULE_ENABLED -DUSE_HAL_DRIVER -DSTM32G031xx -c -I../Core/Inc -I../Drivers/STM32G0xx_HAL_Driver/Inc -I../Drivers/STM32G0xx_HAL_Driver/Inc/Legacy -I../Drivers/CMSIS/Device/ST/STM32G0xx/Include -I../Drivers/CMSIS/Include -Os -ffunction-sections -fdata-sections -Wall -fstack-usage -fcyclomatic-complexity -MMD -MP -MF"Core/Src/stm32g0xx_hal_tim_ex.d" -MT"Core/Src/stm32g0xx_hal_tim_ex.o" --specs=nano.specs -mfloat-abi=soft -mthumb -o "Core/Src/stm32g0xx_hal_tim_ex.o"
arm-none-eabi-gcc "../Core/Src/stm32g0xx_it.c" -mcpu=cortex-m0plus -std=gnu11 -g3 -DDEBUG -DHAL_ADC_MODULE_ENABLED -DHAL_TIM_MODULE_ENABLED -DUSE_HAL_DRIVER -DSTM32G031xx -c -I../Core/Inc -I../Drivers/STM32G0xx_HAL_Driver/Inc -I../Drivers/STM32G0xx_HAL_Driver/Inc/Legacy -I../Drivers/CMSIS/Device/ST/STM32G0xx/Include -I../Drivers/CMSIS/Include -Os -ffunction-sections -fdata-sections -Wall -fstack-usage -fcyclomatic-complexity -MMD -MP -MF"Core/Src/stm32g0xx_it.d" -MT"Core/Src/stm32g0xx_it.o" --specs=nano.specs -mfloat-abi=soft -mthumb -o "Core/Src/stm32g0xx_it.o"
arm-none-eabi-gcc "../Core/Src/sw_i2c.c" -mcpu=cortex-m0plus -std=gnu11 -g3 -DDEBUG -DHAL_ADC_MODULE_ENABLED -DHAL_TIM_MODULE_ENABLED -DUSE_HAL_DRIVER -DSTM32G031xx -c -I../Core/Inc -I../Drivers/STM32G0xx_HAL_Driver/Inc -I../Drivers/STM32G0xx_HAL_Driver/Inc/Legacy -I../Drivers/CMSIS/Device/ST/STM32G0xx/Include -I../Drivers/CMSIS/Include -Os -ffunction-sections -fdata-sections -Wall -fstack-usage -fcyclomatic-complexity -MMD -MP -MF"Core/Src/sw_i2c.d" -MT"Core/Src/sw_i2c.o" --specs=nano.specs -mfloat-abi=soft -mthumb -o "Core/Src/sw_i2c.o"
arm-none-eabi-gcc "../Core/Src/syscalls.c" -mcpu=cortex-m0plus -std=gnu11 -g3 -DDEBUG -DHAL_ADC_MODULE_ENABLED -DHAL_TIM_MODULE_ENABLED -DUSE_HAL_DRIVER -DSTM32G031xx -c -I../Core/Inc -I../Drivers/STM32G0xx_HAL_Driver/Inc -I../Drivers/STM32G0xx_HAL_Driver/Inc/Legacy -I../Drivers/CMSIS/Device/ST/STM32G0xx/Include -I../Drivers/CMSIS/Include -Os -ffunction-sections -fdata-sections -Wall -fstack-usage -fcyclomatic-complexity -MMD -MP -MF"Core/Src/syscalls.d" -MT"Core/Src/syscalls.o" --specs=nano.specs -mfloat-abi=soft -mthumb -o "Core/Src/syscalls.o"
arm-none-eabi-gcc "../Core/Src/sysmem.c" -mcpu=cortex-m0plus -std=gnu11 -g3 -DDEBUG -DHAL_ADC_MODULE_ENABLED -DHAL_TIM_MODULE_ENABLED -DUSE_HAL_DRIVER -DSTM32G031xx -c -I../Core/Inc -I../Drivers/STM32G0xx_HAL_Driver/Inc -I../Drivers/STM32G0xx_HAL_Driver/Inc/Legacy -I../Drivers/CMSIS/Device/ST/STM32G0xx/Include -I../Drivers/CMSIS/Include -Os -ffunction-sections -fdata-sections -Wall -fstack-usage -fcyclomatic-complexity -MMD -MP -MF"Core/Src/sysmem.d" -MT"Core/Src/sysmem.o" --specs=nano.specs -mfloat-abi=soft -mthumb -o "Core/Src/sysmem.o"
arm-none-eabi-gcc "../Core/Src/system_stm32g0xx.c" -mcpu=cortex-m0plus -std=gnu11 -g3 -DDEBUG -DHAL_ADC_MODULE_ENABLED -DHAL_TIM_MODULE_ENABLED -DUSE_HAL_DRIVER -DSTM32G031xx -c -I../Core/Inc -I../Drivers/STM32G0xx_HAL_Driver/Inc -I../Drivers/STM32G0xx_HAL_Driver/Inc/Legacy -I../Drivers/CMSIS/Device/ST/STM32G0xx/Include -I../Drivers/CMSIS/Include -Os -ffunction-sections -fdata-sections -Wall -fstack-usage -fcyclomatic-complexity -MMD -MP -MF"Core/Src/system_stm32g0xx.d" -MT"Core/Src/system_stm32g0xx.o" --specs=nano.specs -mfloat-abi=soft -mthumb -o "Core/Src/system_stm32g0xx.o"
arm-none-eabi-gcc "../Core/Src/tdma_detect.c" -mcpu=cortex-m0plus -std=gnu11 -g3 -DDEBUG -DHAL_ADC_MODULE_ENABLED -DHAL_TIM_MODULE_ENABLED -DUSE_HAL_DRIVER -DSTM32G031xx -c -I../Core/Inc -I../Drivers/STM32G0xx_HAL_Driver/Inc -I../Drivers/STM32G0xx_HAL_Driver/Inc/Legacy -I../Drivers/CMSIS/Device/ST/STM32G0xx/Include -I../Drivers/CMSIS/Include -Os -ffunction-sections -fdata-sections -Wall -fstack-usage -fcyclomatic-complexity -MMD -MP -MF"Core/Src/tdma_detect.d" -MT"Core/Src/tdma_detect.o" --specs=nano.specs -mfloat-abi=soft -mthumb -o "Core/Src/tdma_detect.o"
../Core/Src/ssd1306.c: In function 'SSD1306_DrawDispSet':
../Core/Src/ssd1306.c:589:44: warning: '%ld' directive output may be truncated writing between 1 and 10 bytes into a region of size between 6 and 15 [-Wformat-truncation=]
  589 |     snprintf(buf, sizeof(buf), "Bar:%ld to %ld",
      |                                            ^~~
../Core/Src/ssd1306.c:589:32: note: directive argument in the range [-214748349, 214748364]
  589 |     snprintf(buf, sizeof(buf), "Bar:%ld to %ld",
      |                                ^~~~~~~~~~~~~~~~
../Core/Src/ssd1306.c:589:5: note: 'snprintf' output between 11 and 29 bytes into a destination of size 24
  589 |     snprintf(buf, sizeof(buf), "Bar:%ld to %ld",
      |     ^~~~~~~~~~~~~~~~~~~~~~~~~~~~~~~~~~~~~~~~~~~~
  590 |              (long)(bar_floor_tenths / 10),
      |              ~~~~~~~~~~~~~~~~~~~~~~~~~~~~~~
  591 |              (long)((bar_floor_tenths + 150) / 10));
      |              ~~~~~~~~~~~~~~~~~~~~~~~~~~~~~~~~~~~~~~
arm-none-eabi-gcc -o "Si6.elf" @"objects.list"   -mcpu=cortex-m0plus -T"C:\Users\GlennDarien\OneDrive - K9 Electronics Ltd\Projects\fed detector\Firmware\STM32G031F6PX_FLASH.ld" --specs=nosys.specs -Wl,-Map="Si6.map" -Wl,--gc-sections -static --specs=nano.specs -mfloat-abi=soft -mthumb -Wl,--start-group -lc -lm -Wl,--end-group
C:/ST/STM32CubeIDE_1.16.0/STM32CubeIDE/plugins/com.st.stm32cube.ide.mcu.externaltools.gnu-tools-for-stm32.12.3.rel1.win32_1.0.200.202406191623/tools/bin/../lib/gcc/arm-none-eabi/12.3.1/../../../../arm-none-eabi/bin/ld.exe: warning: Si6.elf has a LOAD segment with RWX permissions
Finished building target: Si6.elf
 
arm-none-eabi-size  Si6.elf 
arm-none-eabi-objdump -h -S Si6.elf  > "Si6.list"
   text	   data	    bss	    dec	    hex	filename
  23556	      0	   3984	  27540	   6b94	Si6.elf
Finished building: default.size.stdout
 
Finished building: Si6.list
 
